============================= test session starts =============================
platform win32 -- Python 3.12.4, pytest-7.4.3, pluggy-1.6.0 -- C:\Program Files\Python312\python.exe
cachedir: .pytest_cache
rootdir: C:\Users\Admin\Desktop\fullstack\backend
plugins: anyio-4.12.1, asyncio-0.21.1, cov-4.1.0
asyncio: mode=Mode.STRICT
collecting ... collected 33 items

tests/test_api_auth.py::test_login_success PASSED                        [  3%]
tests/test_api_auth.py::test_login_invalid_credentials PASSED            [  6%]
tests/test_api_auth.py::test_login_nonexistent_user PASSED               [  9%]
tests/test_api_auth.py::test_account_lockout_after_failed_attempts PASSED [ 12%]
tests/test_api_auth.py::test_get_current_user SKIPPED (Rate limit ac...) [ 15%]
tests/test_api_auth.py::test_unauthorized_access PASSED                  [ 18%]
tests/test_api_interview.py::TestInterviewServiceUnit::test_generate_questions_cs_branch PASSED [ 21%]
tests/test_api_interview.py::TestInterviewServiceUnit::test_generate_questions_topic_filter PASSED [ 24%]
tests/test_api_interview.py::TestInterviewServiceUnit::test_generate_questions_weak_subject_followup PASSED [ 27%]
tests/test_api_interview.py::TestInterviewServiceUnit::test_generate_questions_unknown_branch_uses_default PASSED [ 30%]
tests/test_api_interview.py::TestInterviewServiceUnit::test_generate_questions_async_ml_fallback PASSED [ 33%]
tests/test_api_interview.py::TestInterviewServiceUnit::test_generate_questions_async_ml_success PASSED [ 36%]
tests/test_api_interview.py::TestSessionStatus::test_status_constants PASSED [ 39%]
tests/test_api_interview.py::TestMLServiceRouter::test_health PASSED     [ 42%]
tests/test_api_interview.py::TestMLServiceRouter::test_predict_questions_cs PASSED [ 45%]
tests/test_api_interview.py::TestMLServiceRouter::test_predict_questions_with_topic PASSED [ 48%]
tests/test_api_interview.py::TestMLServiceRouter::test_predict_questions_weak_subjects PASSED [ 51%]
tests/test_api_interview.py::TestMLServiceRouter::test_predict_performance_improving PASSED [ 54%]
tests/test_api_interview.py::TestMLServiceRouter::test_predict_performance_no_history PASSED [ 57%]
tests/test_api_students.py::test_list_students_pagination PASSED         [ 60%]
tests/test_api_students.py::test_list_students_filter_by_branch PASSED   [ 63%]
tests/test_api_students.py::test_list_students_filter_by_semester PASSED [ 66%]
tests/test_api_students.py::test_search_students_by_name PASSED          [ 69%]
tests/test_api_students.py::test_search_students_by_student_id PASSED    [ 72%]
tests/test_api_students.py::test_get_student_by_id PASSED                [ 75%]
tests/test_api_students.py::test_get_nonexistent_student PASSED          [ 78%]
tests/test_api_students.py::test_search_minimum_query_length PASSED      [ 81%]
tests/test_models.py::test_user_creation PASSED                          [ 84%]
tests/test_models.py::test_student_profile_relationship PASSED           [ 87%]
tests/test_models.py::test_academic_term_unique_constraint PASSED        [ 90%]
tests/test_models.py::test_user_account_lockout PASSED                   [ 93%]
tests/test_models.py::test_user_reset_failed_attempts PASSED             [ 96%]
tests/test_models.py::test_subject_relationship PASSED                   [100%]

============================== warnings summary ===============================
..\..\..\AppData\Roaming\Python\Python312\site-packages\pydantic\_internal\_config.py:271
..\..\..\AppData\Roaming\Python\Python312\site-packages\pydantic\_internal\_config.py:271
..\..\..\AppData\Roaming\Python\Python312\site-packages\pydantic\_internal\_config.py:271
..\..\..\AppData\Roaming\Python\Python312\site-packages\pydantic\_internal\_config.py:271
..\..\..\AppData\Roaming\Python\Python312\site-packages\pydantic\_internal\_config.py:271
..\..\..\AppData\Roaming\Python\Python312\site-packages\pydantic\_internal\_config.py:271
  C:\Users\Admin\AppData\Roaming\Python\Python312\site-packages\pydantic\_internal\_config.py:271: PydanticDeprecatedSince20: Support for class-based `config` is deprecated, use ConfigDict instead. Deprecated in Pydantic V2.0 to be removed in V3.0. See Pydantic V2 Migration Guide at https://errors.pydantic.dev/2.5/migration/
    warnings.warn(DEPRECATION_MESSAGE, DeprecationWarning)

app\core\database.py:22
  C:\Users\Admin\Desktop\fullstack\backend\app\core\database.py:22: MovedIn20Warning: The ``declarative_base()`` function is now available as sqlalchemy.orm.declarative_base(). (deprecated since: 2.0) (Background on SQLAlchemy 2.0 at: https://sqlalche.me/e/b8d9)
    Base = declarative_base()

app\main.py:64
  C:\Users\Admin\Desktop\fullstack\backend\app\main.py:64: DeprecationWarning: 
          on_event is deprecated, use lifespan event handlers instead.
  
          Read more about it in the
          [FastAPI docs for Lifespan Events](https://fastapi.tiangolo.com/advanced/events/).
          
    @app.on_event("startup")

..\..\..\AppData\Roaming\Python\Python312\site-packages\fastapi\applications.py:4495
  C:\Users\Admin\AppData\Roaming\Python\Python312\site-packages\fastapi\applications.py:4495: DeprecationWarning: 
          on_event is deprecated, use lifespan event handlers instead.
  
          Read more about it in the
          [FastAPI docs for Lifespan Events](https://fastapi.tiangolo.com/advanced/events/).
          
    return self.router.on_event(event_type)

tests/test_api_auth.py::test_login_success
  C:\Users\Admin\Desktop\fullstack\backend\app\core\security.py:30: DeprecationWarning: datetime.datetime.utcnow() is deprecated and scheduled for removal in a future version. Use timezone-aware objects to represent datetimes in UTC: datetime.datetime.now(datetime.UTC).
    expire = datetime.utcnow() + expires_delta

tests/test_models.py::test_user_account_lockout
  C:\Users\Admin\Desktop\fullstack\backend\app\models\user.py:40: DeprecationWarning: datetime.datetime.utcnow() is deprecated and scheduled for removal in a future version. Use timezone-aware objects to represent datetimes in UTC: datetime.datetime.now(datetime.UTC).
    self.locked_until = datetime.utcnow() + timedelta(minutes=30)

tests/test_models.py::test_user_account_lockout
  C:\Users\Admin\Desktop\fullstack\backend\app\models\user.py:30: DeprecationWarning: datetime.datetime.utcnow() is deprecated and scheduled for removal in a future version. Use timezone-aware objects to represent datetimes in UTC: datetime.datetime.now(datetime.UTC).
    if self.locked_until and self.locked_until > datetime.utcnow():

tests/test_models.py::test_user_account_lockout
  C:\Users\Admin\Desktop\fullstack\backend\tests\test_models.py:80: DeprecationWarning: datetime.datetime.utcnow() is deprecated and scheduled for removal in a future version. Use timezone-aware objects to represent datetimes in UTC: datetime.datetime.now(datetime.UTC).
    assert sample_user.locked_until > datetime.utcnow()

-- Docs: https://docs.pytest.org/en/stable/how-to/capture-warnings.html
================= 32 passed, 1 skipped, 13 warnings in 13.94s =================
